{
  "name": "pixi",
  "icons": [
    {
      "src": "logo.svg",
      "sizes": "192x192",
      "type": "image/svg"
    }
  ],
  "theme_color": "#ffffff",
  "background_color": "#ffffff",
  "start_url": "/12123123/",
  "display": "standalone"
}